// Jest Snapshot v1, https://goo.gl/fbAQLP

exports[`matches snapshot with props 1`] = `
Object {
  "asFragment": [Function],
  "baseElement": <body>
    <div>
      <div
        class="some style"
      >
        <div
          class="MuiPaper-root makeStyles-msgBox-1 MuiPaper-elevation1 MuiPaper-rounded"
        >
          <span
            class="MuiTypography-root MuiTypography-caption MuiTypography-colorSecondary MuiTypography-displayBlock"
          >
            14.09.2021 12:22
          </span>
          <p
            class="MuiTypography-root MuiTypography-body1 MuiTypography-alignCenter MuiTypography-displayBlock"
          >
            some message
          </p>
        </div>
      </div>
    </div>
  </body>,
  "container": <div>
    <div
      class="some style"
    >
      <div
        class="MuiPaper-root makeStyles-msgBox-1 MuiPaper-elevation1 MuiPaper-rounded"
      >
        <span
          class="MuiTypography-root MuiTypography-caption MuiTypography-colorSecondary MuiTypography-displayBlock"
        >
          14.09.2021 12:22
        </span>
        <p
          class="MuiTypography-root MuiTypography-body1 MuiTypography-alignCenter MuiTypography-displayBlock"
        >
          some message
        </p>
      </div>
    </div>
  </div>,
  "debug": [Function],
  "findAllByAltText": [Function],
  "findAllByDisplayValue": [Function],
  "findAllByLabelText": [Function],
  "findAllByPlaceholderText": [Function],
  "findAllByRole": [Function],
  "findAllByTestId": [Function],
  "findAllByText": [Function],
  "findAllByTitle": [Function],
  "findByAltText": [Function],
  "findByDisplayValue": [Function],
  "findByLabelText": [Function],
  "findByPlaceholderText": [Function],
  "findByRole": [Function],
  "findByTestId": [Function],
  "findByText": [Function],
  "findByTitle": [Function],
  "getAllByAltText": [Function],
  "getAllByDisplayValue": [Function],
  "getAllByLabelText": [Function],
  "getAllByPlaceholderText": [Function],
  "getAllByRole": [Function],
  "getAllByTestId": [Function],
  "getAllByText": [Function],
  "getAllByTitle": [Function],
  "getByAltText": [Function],
  "getByDisplayValue": [Function],
  "getByLabelText": [Function],
  "getByPlaceholderText": [Function],
  "getByRole": [Function],
  "getByTestId": [Function],
  "getByText": [Function],
  "getByTitle": [Function],
  "queryAllByAltText": [Function],
  "queryAllByDisplayValue": [Function],
  "queryAllByLabelText": [Function],
  "queryAllByPlaceholderText": [Function],
  "queryAllByRole": [Function],
  "queryAllByTestId": [Function],
  "queryAllByText": [Function],
  "queryAllByTitle": [Function],
  "queryByAltText": [Function],
  "queryByDisplayValue": [Function],
  "queryByLabelText": [Function],
  "queryByPlaceholderText": [Function],
  "queryByRole": [Function],
  "queryByTestId": [Function],
  "queryByText": [Function],
  "queryByTitle": [Function],
  "rerender": [Function],
  "unmount": [Function],
}
`;
